[Bootstrap]
SetupTitle=Install
SetupText=Copying Files, please stand by.
CabFile=OpTech 1.0(demo).CAB
Spawn=Setup1.exe
Uninstal=st6unst.exe
TmpDir=msftqws.pdw
Cabs=1

[Bootstrap Files]
File1=@VB6STKIT.DLL,$(WinSysPathSysFile),,,7/15/00 12:00:00 AM,101888,6.0.84.50
File2=@COMCAT.DLL,$(WinSysPathSysFile),$(DLLSelfRegister),,5/31/98 12:00:00 AM,22288,4.71.1460.1
File3=@STDOLE2.TLB,$(WinSysPathSysFile),$(TLBRegister),,6/3/99 12:00:00 AM,17920,2.40.4275.1
File4=@ASYCFILT.DLL,$(WinSysPathSysFile),,,3/8/99 12:00:00 AM,147728,2.40.4275.1
File5=@OLEPRO32.DLL,$(WinSysPathSysFile),$(DLLSelfRegister),,3/8/99 12:00:00 AM,164112,5.0.4275.1
File6=@OLEAUT32.DLL,$(WinSysPathSysFile),$(DLLSelfRegister),,4/12/00 12:00:00 AM,598288,2.40.4275.1
File7=@msvbvm60.dll,$(WinSysPathSysFile),$(DLLSelfRegister),,2/23/04 12:00:00 AM,1386496,6.0.97.82

[IconGroups]
Group0=OpTech 1.0 (demo)
PrivateGroup0=-1
Parent0=$(Programs)

[OpTech 1.0 (demo)]
Icon1=""OpTech 1.0(demo).exe""
Title1=OpTech 1.0 (demo)
StartIn1=$(AppPath)

[Setup]
Title=OpTech 1.0 (demo)
DefaultDir=$(ProgramFiles)\OpTech 1.0 (demo)
AppExe=OpTech 1.0(demo).exe
AppToUninstall=OpTech 1.0(demo).exe

[Setup1 Files]
File1=@dbOpTech.mdb,$(AppPath)\sdbase\,,,2/20/05 3:43:01 PM,108544,0.0.0.0
File2=@Read me_2.txt,$(AppPath),,,2/9/05 10:30:06 AM,1838,0.0.0.0
File3=@Read me(dbase).txt,$(AppPath),,,2/11/05 10:04:18 PM,1698,0.0.0.0
File4=@readme_1.txt,$(AppPath),,,2/11/05 10:30:44 PM,1625,0.0.0.0
File5=@MYCRON2.cnt,$(AppPath)\HELP\,,,2/11/05 11:59:44 PM,1186,0.0.0.0
File6=@MDAC_TYP.EXE,$(AppPath),,,6/26/98 12:00:00 AM,8124720,4.71.1015.0
File7=@MYHELP.HLP,$(AppPath)\HELP\,,,3/8/05 7:36:51 AM,292569,0.0.0.0
File8=@FM20.DLL,$(WinSysPath),$(DLLSelfRegister),$(Shared),10/17/99 7:01:42 PM,1129232,2.1.7017.1
File9=@MSCOMCT2.OCX,$(WinSysPath),$(DLLSelfRegister),$(Shared),3/9/04 12:00:00 AM,662288,6.1.97.82
File10=@mscomctl.ocx,$(WinSysPath),$(DLLSelfRegister),$(Shared),3/9/04 12:00:00 AM,1081616,6.1.97.82
File11=@RICHED32.DLL,$(WinSysPathSysFile),,,5/7/98 12:00:00 AM,174352,4.0.993.4
File12=@RICHTX32.OCX,$(WinSysPath),$(DLLSelfRegister),$(Shared),3/9/04 12:00:00 AM,212240,6.1.97.82
File13=@COMDLG32.OCX,$(WinSysPath),$(DLLSelfRegister),$(Shared),3/9/04 12:00:00 AM,152848,6.1.97.82
File14=@COMCTL32.OCX,$(WinSysPath),$(DLLSelfRegister),$(Shared),3/9/04 12:00:00 AM,609824,6.0.81.5
File15=@msstdfmt.dll,$(WinSysPath),$(DLLSelfRegister),$(Shared),2/23/04 12:00:00 AM,119808,6.1.97.82
File16=@MSHFLXGD.OCX,$(WinSysPath),$(DLLSelfRegister),$(Shared),3/9/04 12:00:00 AM,440352,6.0.88.4
File17=@odbcconf.dll,$(AppPath),,,8/4/04 1:26:46 AM,135168,3.525.1117.0
File18=@VB5DB.DLL,$(WinSysPath),,$(Shared),6/18/98 12:00:00 AM,89360,6.0.81.69
File19=@msjtes40.dll,$(WinSysPathSysFile),$(DLLSelfRegister),,8/4/04 1:26:44 AM,241693,4.0.8618.0
File20=@msrepl40.dll,$(WinSysPathSysFile),,,8/4/04 1:26:44 AM,552989,4.0.8015.0
File21=@msrd3x40.dll,$(WinSysPathSysFile),$(DLLSelfRegister),,8/4/04 1:26:44 AM,315423,4.0.6508.0
File22=@msrd2x40.dll,$(WinSysPathSysFile),$(DLLSelfRegister),,8/4/04 1:26:44 AM,421919,4.0.7328.0
File23=@mswdat10.dll,$(WinSysPathSysFile),,,8/4/04 1:26:46 AM,831519,4.0.6508.0
File24=@mswstr10.dll,$(WinSysPathSysFile),,,8/4/04 1:26:46 AM,614429,4.0.8905.0
File25=@expsrv.dll,$(WinSysPathSysFile),,,8/4/04 1:26:44 AM,380957,6.0.72.9589
File26=@vbajet32.dll,$(WinSysPathSysFile),,,8/4/04 1:26:48 AM,30749,6.0.1.9431
File27=@msjint40.dll,$(WinSysPathSysFile),,,8/4/04 1:26:44 AM,151583,4.0.8905.0
File28=@msjter40.dll,$(WinSysPathSysFile),,,8/4/04 1:26:44 AM,53279,4.0.6508.0
File29=@msjet40.dll,$(WinSysPathSysFile),$(DLLSelfRegister),,8/4/04 1:26:44 AM,1507356,4.0.8618.0
File30=@dao360.dll,$(MSDAOPath),$(DLLSelfRegister),$(Shared),8/4/04 1:26:44 AM,561179,3.60.8618.0
File31=@MSDERUN.DLL,$(CommonFiles)\designer,$(DLLSelfRegister),$(Shared),7/15/00 12:00:00 AM,136192,6.0.88.4
File32=@OpTech 1.0(demo).exe,$(AppPath),,,3/8/05 7:38:21 AM,2936832,1.0.0.0

; The following lines may be deleted in order to obtain extra 
; space for customizing this file on a full installation diskette.
; 
; XXXXXXXXXXXXXXXXXXXXXXXXXXXXXXXXXXXXXXXXXXXXXXXXXXXXXXXXXXXX
; XXXXXXXXXXXXXXXXXXXXXXXXXXXXXXXXXXXXXXXXXXXXXXXXXXXXXXXXXXXX
; XXXXXXXXXXXXXXXXXXXXXXXXXXXXXXXXXXXXXXXXXXXXXXXXXXXXXXXXXXXX
; XXXXXXXXXXXXXXXXXXXXXXXXXXXXXXXXXXXXXXXXXXXXXXXXXXXXXXXXXXXX
; XXXXXXXXXXXXXXXXXXXXXXXXXXXXXXXXXXXXXXXXXXXXXXXXXXXXXXXXXXXX
; XXXXXXXXXXXXXXXXXXXXXXXXXXXXXXXXXXXXXXXXXXXXXXXXXXXXXXXXXXXX
; XXXXXXXXXXXXXXXXXXXXXXXXXXXXXXXXXXXXXXXXXXXXXXXXXXXXXXXXXXXX
; XXXXXXXXXXXXXXXXXXXXXXXXXXXXXXXXXXXXXXXXXXXXXXXXXXXXXXXXXXXX
; XXXXXXXXXXXXXXXXXXXXXXXXXXXXXXXXXXXXXXXXXXXXXXXXXXXXXXXXXXXX
; XXXXXXXXXXXXXXXXXXXXXXXXXXXXXXXXXXXXXXXXXXXXXXXXXXXXXXXXXXXX
; XXXXXXXXXXXXXXXXXXXXXXXXXXXXXXXXXXXXXXXXXXXXXXXXXXXXXXXXXXXX
; XXXXXXXXXXXXXXXXXXXXXXXXXXXXXXXXXXXXXXXXXXXXXXXXXXXXXXXXXXXX
; XXXXXXXXXXXXXXXXXXXXXXXXXXXXXXXXXXXXXXXXXXXXXXXXXXXXXXXXXXXX
; XXXXXXXXXXXXXXXXXXXXXXXXXXXXXXXXXXXXXXXXXXXXXXXXXXXXXXXXXXXX
; XXXXXXXXXXXXXXXXXXXXXXXXXXXXXXXXXXXXXXXXXXXXXXXXXXXXXXXXXXXX
; XXXXXXXXXXXXXXXXXXXXXXXXXXXXXXXXXXXXXXXXXXXXXXXXXXXXXXXXXXXX
; XXXXXXXXXXXXXXXXXXXXXXXXXXXXXXXXXXXXXXXXXXXXXXXXXXXXXXXXXXXX
; XXXXXXXXXXXXXXXXXXXXXXXXXXXXXXXXXXXXXXXXXXXXXXXXXXXXXXXXXXXX
; XXXXXXXXXXXXXXXXXXXXXXXXXXXXXXXXXXXXXXXXXXXXXXXXXXXXXXXXXXXX
; XXXXXXXXXXXXXXXXXXXXXXXXXXXXXXXXXXXXXXXXXXXXXXXXXXXXXXXXXXXX
; XXXXXXXXXXXXXXXXXXXXXXXXXXXXXXXXXXXXXXXXXXXXXXXXXXXXXXXXXXXX
; XXXXXXXXXXXXXXXXXXXXXXXXXXXXXXXXXXXXXXXXXXXXXXXXXXXXXXXXXXXX
; XXXXXXXXXXXXXXXXXXXXXXXXXXXXXXXXXXXXXXXXXXXXXXXXXXXXXXXXXXXX
; XXXXXXXXXXXXXXXXXXXXXXXXXXXXXXXXXXXXXXXXXXXXXXXXXXXXXXXXXXXX
; XXXXXXXXXXXXXXXXXXXXXXXXXXXXXXXXXXXXXXXXXXXXXXXXXXXXXXXXXXXX
; XXXXXXXXXXXXXXXXXXXXXXXXXXXXXXXXXXXXXXXXXXXXXXXXXXXXXXXXXXXX
; XXXXXXXXXXXXXXXXXXXXXXXXXXXXXXXXXXXXXXXXXXXXXXXXXXXXXXXXXXXX
; XXXXXXXXXXXXXXXXXXXXXXXXXXXXXXXXXXXXXXXXXXXXXXXXXXXXXXXXXXXX
; XXXXXXXXXXXXXXXXXXXXXXXXXXXXXXXXXXXXXXXXXXXXXXXXXXXXXXXXXXXX
; XXXXXXXXXXXXXXXXXXXXXXXXXXXXXXXXXXXXXXXXXXXXXXXXXXXXXXXXXXXX
; XXXXXXXXXXXXXXXXXXXXXXXXXXXXXXXXXXXXXXXXXXXXXXXXXXXXXXXXXXXX
; XXXXXXXXXXXXXXXXXXXXXXXXXXXXXXXXXXXXXXXXXXXXXXXXXXXXXXXXXXXX
; XXXXXXXXXXXXXXXXXXXXXXXXXXXXXXXXXXXXXXXXXXXXXXXXXXXXXXXXXXXX
; XXXXXXXXXXXXXXXXXXXXXXXXXXXXXXXXXXXXXXXXXXXXXXXXXXXXXXXXXXXX
; XXXXXXXXXXXXXXXXXXXXXXXXXXXXXXXXXXXXXXXXXXXXXXXXXXXXXXXXXXXX
